     Parameter      PRCC        p-value
0        $v_1$ -0.130218   0.000000e+00
1        $v_2$ -0.007688   1.499851e-14
2        $v_3$ -0.001861   6.270764e-02
3        $v_4$ -0.049618   0.000000e+00
4        $v_5$ -0.000968   3.332462e-01
5         beta  0.640691   0.000000e+00
6    $b_{sy1}$  0.032298  5.746778e-229
7    $b_{sy2}$  0.001382   1.671274e-01
8    $b_{sy3}$ -0.000807   4.195630e-01
9    $b_{sy4}$  0.007893   2.950881e-15
10   $b_{sy5}$  0.000858   3.907836e-01
11  $b_{asy1}$  0.801297   0.000000e+00
12  $b_{asy2}$  0.035212  9.051316e-272
13  $b_{asy3}$  0.000088   9.300419e-01
14  $b_{asy4}$  0.341096   0.000000e+00
15  $b_{asy5}$  0.001983   4.735949e-02
16   $b_{av1}$  0.631382   0.000000e+00
17   $b_{av2}$  0.025537  6.869826e-144
18   $b_{av3}$ -0.000701   4.832421e-01
19   $b_{av4}$  0.238839   0.000000e+00
20   $b_{av5}$ -0.001528   1.265522e-01
21    $u_{m1}$ -0.471373   0.000000e+00
22    $u_{m2}$ -0.025657  3.189035e-145
23    $u_{m3}$ -0.000150   8.809579e-01
24    $u_{m4}$ -0.199512   0.000000e+00
25    $u_{m5}$ -0.000568   5.698282e-01
Job ID           : 30828667
Cluster          : spartan
User/Project     : lbevilacqua/punim2894
Nodes            : 1
Wall-clock time  : 12:16:53 / 15-00:00:00

Displaying overall resources usage from 2026-09-21 11:39:52 to 2026-09-21 23:56:45:

NODE            CPU#        TOT%   ( USR   / SYS   / WIO   / IDLE  ) 

spartan-bm208 : 
                CPU# 1    : 80.0   (  79.5 /   0.5 /   0.0 /  20.0 ) 
                CPU# 2    : 96.7   (  96.3 /   0.4 /   0.0 /   3.3 ) 
                CPU# 3    : 97.5   (  97.1 /   0.4 /   0.0 /   2.5 ) 
                CPU# 4    : 92.5   (  92.1 /   0.4 /   0.0 /   7.5 ) 
                CPU# 5    : 97.2   (  96.8 /   0.4 /   0.0 /   2.7 ) 
                CPU# 6    : 96.3   (  95.9 /   0.4 /   0.0 /   3.7 ) 
                CPU# 7    : 96.0   (  95.6 /   0.4 /   0.0 /   4.0 ) 
                CPU# 8    : 98.3   (  97.8 /   0.6 /   0.0 /   1.7 ) 
                CPU# 9    : 95.9   (  95.5 /   0.4 /   0.0 /   4.1 ) 
                CPU# 10   : 98.3   (  97.9 /   0.4 /   0.0 /   1.7 ) 
                CPU# 11   : 96.7   (  96.3 /   0.4 /   0.0 /   3.3 ) 
                CPU# 12   : 96.4   (  96.0 /   0.4 /   0.0 /   3.6 ) 
                CPU# 13   : 96.2   (  95.8 /   0.4 /   0.0 /   3.8 ) 
                CPU# 14   : 96.8   (  95.3 /   1.5 /   0.0 /   3.2 ) 
                CPU# 15   : 96.3   (  95.9 /   0.4 /   0.0 /   3.7 ) 
                CPU# 16   : 96.5   (  96.1 /   0.4 /   0.0 /   3.5 ) 
                CPU# 17   : 96.2   (  95.8 /   0.4 /   0.0 /   3.8 ) 
                CPU# 18   : 98.5   (  98.0 /   0.4 /   0.0 /   1.5 ) 
                CPU# 19   : 96.6   (  96.2 /   0.4 /   0.0 /   3.4 ) 
                CPU# 20   : 96.6   (  96.2 /   0.4 /   0.0 /   3.4 ) 
                CPU# 21   : 96.5   (  96.1 /   0.4 /   0.0 /   3.5 ) 
                CPU# 22   : 96.6   (  96.2 /   0.4 /   0.0 /   3.4 ) 
                CPU# 23   : 96.4   (  96.0 /   0.4 /   0.0 /   3.6 ) 
                CPU# 24   : 98.5   (  98.1 /   0.4 /   0.0 /   1.5 ) 
                CPU# 25   : 96.6   (  96.2 /   0.4 /   0.0 /   3.4 ) 
                CPU# 26   : 96.6   (  96.2 /   0.4 /   0.0 /   3.4 ) 
                CPU# 27   : 96.2   (  95.7 /   0.4 /   0.0 /   3.8 ) 
                CPU# 28   : 96.2   (  95.8 /   0.4 /   0.0 /   3.8 ) 
                CPU# 29   : 95.9   (  95.5 /   0.4 /   0.0 /   4.1 ) 
                CPU# 30   : 96.3   (  95.9 /   0.4 /   0.0 /   3.7 ) 
                CPU# 31   : 96.0   (  95.6 /   0.4 /   0.0 /   4.0 ) 
                CPU# 32   : 96.4   (  96.0 /   0.4 /   0.0 /   3.6 ) 
                CPU# 33   : 96.4   (  96.0 /   0.4 /   0.0 /   3.6 ) 
                CPU# 34   : 96.4   (  96.0 /   0.4 /   0.0 /   3.6 ) 
                CPU# 35   : 96.0   (  95.6 /   0.4 /   0.0 /   4.0 ) 
                CPU# 36   : 96.5   (  96.1 /   0.4 /   0.0 /   3.5 ) 
                CPU# 37   : 96.5   (  96.1 /   0.4 /   0.0 /   3.5 ) 
                CPU# 38   : 96.5   (  96.1 /   0.4 /   0.0 /   3.5 ) 
                CPU# 39   : 96.6   (  96.2 /   0.4 /   0.0 /   3.4 ) 
                CPU# 40   : 96.6   (  96.2 /   0.4 /   0.0 /   3.4 ) 
                CPU# 41   : 96.3   (  95.9 /   0.4 /   0.0 /   3.7 ) 
                CPU# 42   : 96.8   (  96.4 /   0.4 /   0.0 /   3.2 ) 
                CPU# 43   : 96.9   (  96.5 /   0.4 /   0.0 /   3.1 ) 
                CPU# 44   : 98.5   (  98.1 /   0.4 /   0.0 /   1.5 ) 
                CPU# 45   : 97.9   (  97.5 /   0.4 /   0.0 /   2.1 ) 
                CPU# 46   : 96.2   (  95.8 /   0.4 /   0.0 /   3.8 ) 
                CPU# 47   : 98.6   (  98.1 /   0.4 /   0.0 /   1.4 ) 
                CPU# 48   : 98.7   (  98.2 /   0.4 /   0.0 /   1.3 ) 
                CPU# 49   : 98.6   (  98.2 /   0.4 /   0.0 /   1.4 ) 
                CPU# 50   : 95.8   (  95.4 /   0.4 /   0.0 /   4.2 ) 
                CPU# 51   : 98.9   (  98.5 /   0.4 /   0.0 /   1.1 ) 
                CPU# 52   : 99.1   (  98.7 /   0.4 /   0.0 /   0.9 ) 
                CPU# 53   : 98.1   (  97.7 /   0.4 /   0.0 /   1.9 ) 
                CPU# 54   : 98.5   (  98.1 /   0.4 /   0.0 /   1.5 ) 
                CPU# 55   : 98.5   (  98.1 /   0.4 /   0.0 /   1.5 ) 
                CPU# 56   : 98.7   (  98.0 /   0.6 /   0.0 /   1.3 ) 
                CPU# 57   : 96.7   (  96.3 /   0.4 /   0.0 /   3.3 ) 
                CPU# 58   : 96.5   (  96.1 /   0.4 /   0.0 /   3.5 ) 
                CPU# 59   : 96.5   (  96.1 /   0.4 /   0.0 /   3.5 ) 
                CPU# 60   : 96.2   (  95.8 /   0.4 /   0.0 /   3.8 ) 
                CPU# 61   : 96.5   (  96.1 /   0.4 /   0.0 /   3.5 ) 
                CPU# 62   : 96.6   (  96.2 /   0.4 /   0.0 /   3.4 ) 
                CPU# 63   : 96.2   (  95.8 /   0.4 /   0.0 /   3.8 ) 
                CPU# 64   : 96.2   (  95.8 /   0.4 /   0.0 /   3.8 ) 
                CPU# 65   : 96.5   (  96.1 /   0.4 /   0.0 /   3.5 ) 
                CPU# 66   : 96.6   (  96.2 /   0.4 /   0.0 /   3.4 ) 
                CPU# 67   : 96.7   (  96.3 /   0.4 /   0.0 /   3.3 ) 
                CPU# 68   : 96.6   (  96.2 /   0.4 /   0.0 /   3.4 ) 
                CPU# 69   : 96.7   (  96.3 /   0.4 /   0.0 /   3.3 ) 
                CPU# 70   : 97.3   (  96.9 /   0.4 /   0.0 /   2.7 ) 
                CPU# 71   : 96.4   (  96.0 /   0.4 /   0.0 /   3.5 ) 
                CPU# 72   : 96.5   (  96.2 /   0.4 /   0.0 /   3.5 ) 
                CPU# 73   : 96.7   (  96.3 /   0.4 /   0.0 /   3.3 ) 
                CPU# 74   : 96.6   (  96.2 /   0.4 /   0.0 /   3.4 ) 
                CPU# 75   : 98.8   (  98.5 /   0.4 /   0.0 /   1.2 ) 
                CPU# 76   : 93.1   (  92.7 /   0.4 /   0.0 /   6.9 ) 
                CPU# 77   : 98.5   (  98.1 /   0.4 /   0.0 /   1.5 ) 
                CPU# 78   : 97.7   (  97.3 /   0.4 /   0.0 /   2.3 ) 
                CPU# 79   : 98.8   (  98.4 /   0.4 /   0.0 /   1.2 ) 
                CPU# 80   : 98.5   (  98.1 /   0.4 /   0.0 /   1.5 ) 
                CPU# 81   : 96.5   (  96.2 /   0.4 /   0.0 /   3.5 ) 
                CPU# 82   : 96.4   (  96.0 /   0.4 /   0.0 /   3.6 ) 
                CPU# 83   : 96.6   (  96.2 /   0.4 /   0.0 /   3.4 ) 
                CPU# 84   : 96.4   (  96.0 /   0.4 /   0.0 /   3.6 ) 
                CPU# 85   : 97.7   (  97.3 /   0.4 /   0.0 /   2.3 ) 
                CPU# 86   : 96.2   (  95.9 /   0.4 /   0.0 /   3.8 ) 
                CPU# 87   : 96.1   (  95.8 /   0.4 /   0.0 /   3.9 ) 
                CPU# 88   : 97.0   (  96.6 /   0.4 /   0.0 /   3.0 ) 
                CPU# 89   : 96.2   (  95.9 /   0.4 /   0.0 /   3.8 ) 
                CPU# 90   : 99.0   (  98.6 /   0.4 /   0.0 /   1.0 ) 
                CPU# 91   : 96.3   (  96.0 /   0.4 /   0.0 /   3.7 ) 
                CPU# 92   : 96.5   (  96.1 /   0.4 /   0.0 /   3.5 ) 
                CPU# 93   : 96.1   (  95.8 /   0.4 /   0.0 /   3.9 ) 
                CPU# 94   : 96.4   (  96.1 /   0.4 /   0.0 /   3.6 ) 
                CPU# 95   : 96.0   (  95.6 /   0.4 /   0.0 /   4.0 ) 
                CPU# 96   : 96.8   (  96.5 /   0.4 /   0.0 /   3.2 ) 
                CPU# 97   : 96.0   (  95.6 /   0.4 /   0.0 /   4.0 ) 
                CPU# 98   : 96.4   (  96.0 /   0.4 /   0.0 /   3.6 ) 
                CPU# 99   : 96.9   (  96.5 /   0.4 /   0.0 /   3.1 ) 
                CPU# 100  : 97.7   (  97.4 /   0.4 /   0.0 /   2.3 ) 


Allocated CPUs            : 100  
  CPUs with usage <25%    : 0    
  CPUs with usage <50%    : 0    
  CPUs with usage >50%    : 100  

Memory used (RAM)         : 6.7%  [7048MB of 104858MB]

--------------------------------------------

