     Parameter      PRCC       p-value
0        $v_1$ -0.072699  0.000000e+00
1        $v_2$ -0.021146  2.874151e-99
2        $v_3$ -0.040607  0.000000e+00
3        $v_4$ -0.019448  2.926361e-84
4        $v_5$ -0.044611  0.000000e+00
5         beta  0.682508  0.000000e+00
6    $b_{sy1}$  0.010414  2.129289e-25
7    $b_{sy2}$  0.006853  7.210951e-12
8    $b_{sy3}$  0.007738  1.008278e-14
9    $b_{sy4}$  0.005178  2.242990e-07
10   $b_{sy5}$  0.007128  1.016957e-12
11  $b_{asy1}$  0.403359  0.000000e+00
12  $b_{asy2}$  0.166652  0.000000e+00
13  $b_{asy3}$  0.286542  0.000000e+00
14  $b_{asy4}$  0.148510  0.000000e+00
15  $b_{asy5}$  0.305841  0.000000e+00
16   $b_{av1}$  0.288789  0.000000e+00
17   $b_{av2}$  0.122991  0.000000e+00
18   $b_{av3}$  0.207120  0.000000e+00
19   $b_{av4}$  0.106014  0.000000e+00
20   $b_{av5}$  0.219335  0.000000e+00
21    $u_{m1}$ -0.241973  0.000000e+00
22    $u_{m2}$ -0.118426  0.000000e+00
23    $u_{m3}$ -0.187917  0.000000e+00
24    $u_{m4}$ -0.101038  0.000000e+00
25    $u_{m5}$ -0.197285  0.000000e+00
Job ID           : 30828678
Cluster          : spartan
User/Project     : lbevilacqua/punim2894
Nodes            : 1
Wall-clock time  : 12:39:13 / 15-00:00:00

Displaying overall resources usage from 2026-09-21 14:20:33 to 2026-09-22 02:59:46:

NODE            CPU#        TOT%   ( USR   / SYS   / WIO   / IDLE  ) 

spartan-bm186 : 
                CPU# 1    : 90.9   (  90.3 /   0.5 /   0.0 /   9.1 ) 
                CPU# 2    : 99.1   (  98.6 /   0.5 /   0.0 /   0.9 ) 
                CPU# 3    : 95.5   (  95.1 /   0.4 /   0.0 /   4.5 ) 
                CPU# 4    : 92.6   (  92.2 /   0.4 /   0.0 /   7.4 ) 
                CPU# 5    : 96.9   (  96.4 /   0.4 /   0.0 /   3.1 ) 
                CPU# 6    : 97.0   (  96.6 /   0.4 /   0.0 /   3.0 ) 
                CPU# 7    : 97.6   (  97.2 /   0.4 /   0.0 /   2.4 ) 
                CPU# 8    : 95.3   (  94.9 /   0.4 /   0.0 /   4.7 ) 
                CPU# 9    : 97.5   (  97.0 /   0.5 /   0.0 /   2.5 ) 
                CPU# 10   : 98.5   (  98.1 /   0.4 /   0.0 /   1.5 ) 
                CPU# 11   : 97.3   (  96.9 /   0.4 /   0.0 /   2.7 ) 
                CPU# 12   : 98.6   (  98.1 /   0.5 /   0.0 /   1.4 ) 
                CPU# 13   : 97.0   (  96.6 /   0.4 /   0.0 /   3.0 ) 
                CPU# 14   : 97.8   (  96.3 /   1.5 /   0.0 /   2.2 ) 
                CPU# 15   : 95.5   (  95.0 /   0.4 /   0.0 /   4.5 ) 
                CPU# 16   : 99.7   (  99.2 /   0.5 /   0.0 /   0.3 ) 
                CPU# 17   : 95.4   (  95.0 /   0.5 /   0.0 /   4.6 ) 
                CPU# 18   : 97.3   (  96.8 /   0.5 /   0.0 /   2.7 ) 
                CPU# 19   : 96.8   (  96.4 /   0.5 /   0.0 /   3.2 ) 
                CPU# 20   : 95.3   (  94.9 /   0.4 /   0.0 /   4.7 ) 
                CPU# 21   : 97.2   (  96.7 /   0.4 /   0.0 /   2.8 ) 
                CPU# 22   : 97.1   (  96.6 /   0.5 /   0.0 /   2.9 ) 
                CPU# 23   : 97.9   (  97.4 /   0.5 /   0.0 /   2.1 ) 
                CPU# 24   : 97.9   (  97.4 /   0.5 /   0.0 /   2.1 ) 
                CPU# 25   : 97.6   (  97.1 /   0.5 /   0.0 /   2.4 ) 
                CPU# 26   : 98.8   (  98.4 /   0.4 /   0.0 /   1.2 ) 
                CPU# 27   : 88.5   (  88.1 /   0.4 /   0.0 /  11.5 ) 
                CPU# 28   : 96.0   (  95.7 /   0.4 /   0.0 /   3.9 ) 
                CPU# 29   : 93.9   (  93.6 /   0.4 /   0.0 /   6.1 ) 
                CPU# 30   : 93.9   (  93.5 /   0.4 /   0.0 /   6.1 ) 
                CPU# 31   : 94.3   (  93.9 /   0.4 /   0.0 /   5.7 ) 
                CPU# 32   : 93.7   (  93.3 /   0.4 /   0.0 /   6.3 ) 
                CPU# 33   : 92.3   (  92.0 /   0.4 /   0.0 /   7.7 ) 
                CPU# 34   : 92.7   (  92.4 /   0.4 /   0.0 /   7.3 ) 
                CPU# 35   : 93.7   (  93.3 /   0.4 /   0.0 /   6.3 ) 
                CPU# 36   : 95.2   (  94.8 /   0.4 /   0.0 /   4.8 ) 
                CPU# 37   : 91.0   (  90.7 /   0.4 /   0.0 /   9.0 ) 
                CPU# 38   : 90.8   (  90.4 /   0.4 /   0.0 /   9.2 ) 
                CPU# 39   : 90.4   (  90.0 /   0.4 /   0.0 /   9.6 ) 
                CPU# 40   : 91.0   (  90.6 /   0.4 /   0.0 /   9.0 ) 
                CPU# 41   : 93.3   (  93.0 /   0.4 /   0.0 /   6.7 ) 
                CPU# 42   : 92.5   (  92.1 /   0.4 /   0.0 /   7.5 ) 
                CPU# 43   : 91.2   (  90.9 /   0.4 /   0.0 /   8.8 ) 
                CPU# 44   : 92.6   (  92.2 /   0.4 /   0.0 /   7.4 ) 
                CPU# 45   : 93.5   (  93.1 /   0.4 /   0.0 /   6.5 ) 
                CPU# 46   : 88.4   (  88.0 /   0.4 /   0.0 /  11.6 ) 
                CPU# 47   : 90.7   (  90.3 /   0.3 /   0.0 /   9.3 ) 
                CPU# 48   : 91.2   (  90.8 /   0.3 /   0.0 /   8.8 ) 
                CPU# 49   : 91.4   (  91.1 /   0.3 /   0.0 /   8.6 ) 
                CPU# 50   : 90.9   (  90.6 /   0.3 /   0.0 /   9.1 ) 
                CPU# 51   : 91.1   (  90.5 /   0.5 /   0.0 /   8.9 ) 
                CPU# 52   : 94.6   (  94.1 /   0.5 /   0.0 /   5.4 ) 
                CPU# 53   : 92.2   (  91.7 /   0.5 /   0.0 /   7.8 ) 
                CPU# 54   : 93.4   (  92.9 /   0.5 /   0.0 /   6.6 ) 
                CPU# 55   : 95.8   (  95.3 /   0.5 /   0.0 /   4.2 ) 
                CPU# 56   : 94.7   (  94.2 /   0.5 /   0.0 /   5.3 ) 
                CPU# 57   : 93.6   (  93.2 /   0.5 /   0.0 /   6.4 ) 
                CPU# 58   : 95.2   (  94.8 /   0.5 /   0.0 /   4.8 ) 
                CPU# 59   : 94.6   (  94.2 /   0.5 /   0.0 /   5.4 ) 
                CPU# 60   : 93.6   (  93.1 /   0.5 /   0.0 /   6.4 ) 
                CPU# 61   : 94.8   (  94.4 /   0.5 /   0.0 /   5.2 ) 
                CPU# 62   : 95.2   (  94.7 /   0.5 /   0.0 /   4.8 ) 
                CPU# 63   : 94.9   (  94.4 /   0.5 /   0.0 /   5.1 ) 
                CPU# 64   : 95.3   (  94.8 /   0.5 /   0.0 /   4.7 ) 
                CPU# 65   : 95.7   (  95.2 /   0.5 /   0.0 /   4.3 ) 
                CPU# 66   : 95.8   (  95.3 /   0.5 /   0.0 /   4.2 ) 
                CPU# 67   : 96.2   (  95.8 /   0.5 /   0.0 /   3.8 ) 
                CPU# 68   : 90.5   (  90.0 /   0.5 /   0.0 /   9.5 ) 
                CPU# 69   : 89.8   (  89.3 /   0.5 /   0.0 /  10.2 ) 
                CPU# 70   : 93.3   (  92.9 /   0.5 /   0.0 /   6.7 ) 
                CPU# 71   : 94.4   (  94.0 /   0.5 /   0.0 /   5.6 ) 
                CPU# 72   : 95.5   (  95.0 /   0.5 /   0.0 /   4.5 ) 
                CPU# 73   : 92.7   (  92.2 /   0.5 /   0.0 /   7.3 ) 
                CPU# 74   : 91.0   (  90.5 /   0.5 /   0.0 /   9.0 ) 
                CPU# 75   : 92.9   (  92.4 /   0.5 /   0.0 /   7.1 ) 
                CPU# 76   : 91.5   (  91.1 /   0.5 /   0.0 /   8.5 ) 
                CPU# 77   : 90.4   (  89.9 /   0.5 /   0.0 /   9.6 ) 
                CPU# 78   : 95.2   (  94.7 /   0.5 /   0.0 /   4.8 ) 
                CPU# 79   : 84.6   (  84.2 /   0.4 /   0.0 /  15.4 ) 
                CPU# 80   : 95.7   (  95.2 /   0.5 /   0.0 /   4.3 ) 
                CPU# 81   : 93.8   (  93.4 /   0.5 /   0.0 /   6.2 ) 
                CPU# 82   : 96.8   (  96.3 /   0.5 /   0.0 /   3.2 ) 
                CPU# 83   : 93.4   (  93.0 /   0.5 /   0.0 /   6.6 ) 
                CPU# 84   : 93.9   (  93.4 /   0.5 /   0.0 /   6.1 ) 
                CPU# 85   : 95.6   (  95.2 /   0.5 /   0.0 /   4.4 ) 
                CPU# 86   : 96.5   (  96.0 /   0.5 /   0.0 /   3.5 ) 
                CPU# 87   : 96.1   (  95.6 /   0.5 /   0.0 /   3.9 ) 
                CPU# 88   : 96.5   (  96.0 /   0.5 /   0.0 /   3.5 ) 
                CPU# 89   : 88.5   (  88.0 /   0.5 /   0.0 /  11.5 ) 
                CPU# 90   : 93.4   (  92.9 /   0.5 /   0.0 /   6.6 ) 
                CPU# 91   : 93.7   (  93.3 /   0.5 /   0.0 /   6.3 ) 
                CPU# 92   : 93.9   (  93.5 /   0.5 /   0.0 /   6.1 ) 
                CPU# 93   : 96.5   (  96.1 /   0.5 /   0.0 /   3.5 ) 
                CPU# 94   : 96.7   (  96.2 /   0.5 /   0.0 /   3.3 ) 
                CPU# 95   : 96.7   (  96.2 /   0.5 /   0.0 /   3.3 ) 
                CPU# 96   : 94.3   (  93.9 /   0.5 /   0.0 /   5.7 ) 
                CPU# 97   : 95.2   (  94.8 /   0.5 /   0.0 /   4.8 ) 
                CPU# 98   : 96.1   (  95.6 /   0.5 /   0.0 /   3.9 ) 
                CPU# 99   : 96.3   (  95.8 /   0.5 /   0.0 /   3.7 ) 
                CPU# 100  : 95.5   (  95.1 /   0.5 /   0.0 /   4.5 ) 


Allocated CPUs            : 100  
  CPUs with usage <25%    : 0    
  CPUs with usage <50%    : 0    
  CPUs with usage >50%    : 100  

Memory used (RAM)         : 6.8%  [7095MB of 104858MB]

--------------------------------------------

