     Parameter      PRCC       p-value
0        $v_1$ -0.048235  0.000000e+00
1        $v_2$ -0.046099  0.000000e+00
2        $v_3$ -0.046076  0.000000e+00
3        $v_4$ -0.047556  0.000000e+00
4        $v_5$ -0.047159  0.000000e+00
5         beta  0.655315  0.000000e+00
6    $b_{sy1}$  0.003975  7.038996e-05
7    $b_{sy2}$  0.005111  3.198255e-07
8    $b_{sy3}$  0.005689  1.281694e-08
9    $b_{sy4}$  0.006388  1.679418e-10
10   $b_{sy5}$  0.003929  8.516202e-05
11  $b_{asy1}$  0.249187  0.000000e+00
12  $b_{asy2}$  0.247535  0.000000e+00
13  $b_{asy3}$  0.247894  0.000000e+00
14  $b_{asy4}$  0.248658  0.000000e+00
15  $b_{asy5}$  0.249980  0.000000e+00
16   $b_{av1}$  0.178506  0.000000e+00
17   $b_{av2}$  0.179473  0.000000e+00
18   $b_{av3}$  0.181348  0.000000e+00
19   $b_{av4}$  0.179527  0.000000e+00
20   $b_{av5}$  0.179076  0.000000e+00
21    $u_{m1}$ -0.166998  0.000000e+00
22    $u_{m2}$ -0.165450  0.000000e+00
23    $u_{m3}$ -0.166150  0.000000e+00
24    $u_{m4}$ -0.165469  0.000000e+00
25    $u_{m5}$ -0.165888  0.000000e+00
Job ID           : 30828700
Cluster          : spartan
User/Project     : lbevilacqua/punim2894
Nodes            : 1
Wall-clock time  : 12:03:53 / 15-00:00:00

Displaying overall resources usage from 2026-09-21 17:47:07 to 2026-09-22 05:51:00:

NODE            CPU#        TOT%   ( USR   / SYS   / WIO   / IDLE  ) 

spartan-bm058 : 
                CPU# 1    : 94.1   (  93.5 /   0.6 /   0.0 /   5.9 ) 
                CPU# 2    : 97.4   (  96.9 /   0.4 /   0.0 /   2.6 ) 
                CPU# 3    : 97.2   (  96.7 /   0.5 /   0.0 /   2.8 ) 
                CPU# 4    : 97.4   (  96.9 /   0.4 /   0.0 /   2.6 ) 
                CPU# 5    : 97.6   (  97.2 /   0.4 /   0.0 /   2.4 ) 
                CPU# 6    : 97.2   (  96.8 /   0.4 /   0.0 /   2.8 ) 
                CPU# 7    : 98.0   (  97.6 /   0.5 /   0.0 /   2.0 ) 
                CPU# 8    : 94.9   (  94.5 /   0.5 /   0.0 /   5.1 ) 
                CPU# 9    : 96.7   (  96.2 /   0.6 /   0.0 /   3.3 ) 
                CPU# 10   : 95.3   (  93.8 /   1.5 /   0.0 /   4.7 ) 
                CPU# 11   : 97.3   (  96.8 /   0.4 /   0.0 /   2.7 ) 
                CPU# 12   : 97.4   (  96.9 /   0.5 /   0.0 /   2.6 ) 
                CPU# 13   : 97.0   (  96.6 /   0.5 /   0.0 /   3.0 ) 
                CPU# 14   : 98.2   (  97.7 /   0.5 /   0.0 /   1.8 ) 
                CPU# 15   : 97.5   (  97.0 /   0.5 /   0.0 /   2.5 ) 
                CPU# 16   : 97.3   (  96.8 /   0.5 /   0.0 /   2.7 ) 
                CPU# 17   : 96.7   (  96.3 /   0.5 /   0.0 /   3.3 ) 
                CPU# 18   : 97.7   (  97.2 /   0.5 /   0.0 /   2.3 ) 
                CPU# 19   : 98.4   (  97.9 /   0.5 /   0.0 /   1.6 ) 
                CPU# 20   : 97.9   (  97.4 /   0.4 /   0.0 /   2.1 ) 
                CPU# 21   : 97.5   (  97.0 /   0.5 /   0.0 /   2.5 ) 
                CPU# 22   : 96.2   (  95.8 /   0.4 /   0.0 /   3.8 ) 
                CPU# 23   : 97.8   (  97.4 /   0.4 /   0.0 /   2.2 ) 
                CPU# 24   : 96.8   (  96.4 /   0.4 /   0.0 /   3.2 ) 
                CPU# 25   : 97.9   (  97.5 /   0.4 /   0.0 /   2.1 ) 
                CPU# 26   : 97.4   (  96.9 /   0.5 /   0.0 /   2.6 ) 
                CPU# 27   : 95.9   (  95.4 /   0.5 /   0.0 /   4.1 ) 
                CPU# 28   : 96.5   (  96.0 /   0.5 /   0.0 /   3.6 ) 
                CPU# 29   : 98.1   (  97.7 /   0.5 /   0.0 /   1.9 ) 
                CPU# 30   : 98.0   (  97.5 /   0.5 /   0.0 /   2.0 ) 
                CPU# 31   : 98.0   (  97.5 /   0.5 /   0.0 /   2.0 ) 
                CPU# 32   : 98.2   (  97.8 /   0.5 /   0.0 /   1.8 ) 
                CPU# 33   : 98.0   (  97.6 /   0.5 /   0.0 /   2.0 ) 
                CPU# 34   : 97.4   (  96.9 /   0.5 /   0.0 /   2.6 ) 
                CPU# 35   : 96.1   (  95.6 /   0.5 /   0.0 /   3.9 ) 
                CPU# 36   : 97.9   (  97.4 /   0.5 /   0.0 /   2.1 ) 
                CPU# 37   : 97.4   (  96.9 /   0.5 /   0.0 /   2.6 ) 
                CPU# 38   : 98.2   (  97.7 /   0.5 /   0.0 /   1.8 ) 
                CPU# 39   : 97.5   (  97.0 /   0.5 /   0.0 /   2.5 ) 
                CPU# 40   : 98.2   (  97.7 /   0.5 /   0.0 /   1.8 ) 
                CPU# 41   : 97.6   (  97.1 /   0.5 /   0.0 /   2.4 ) 
                CPU# 42   : 96.4   (  95.9 /   0.5 /   0.0 /   3.6 ) 
                CPU# 43   : 97.8   (  97.3 /   0.5 /   0.0 /   2.2 ) 
                CPU# 44   : 97.9   (  97.4 /   0.5 /   0.0 /   2.1 ) 
                CPU# 45   : 97.8   (  97.3 /   0.5 /   0.0 /   2.2 ) 
                CPU# 46   : 97.2   (  96.7 /   0.5 /   0.0 /   2.8 ) 
                CPU# 47   : 98.0   (  97.5 /   0.5 /   0.0 /   2.0 ) 
                CPU# 48   : 97.0   (  96.5 /   0.5 /   0.0 /   3.0 ) 
                CPU# 49   : 97.9   (  97.4 /   0.5 /   0.0 /   2.1 ) 
                CPU# 50   : 98.2   (  97.7 /   0.4 /   0.0 /   1.8 ) 
                CPU# 51   : 97.6   (  97.1 /   0.5 /   0.0 /   2.4 ) 
                CPU# 52   : 97.9   (  97.4 /   0.4 /   0.0 /   2.1 ) 
                CPU# 53   : 98.1   (  97.6 /   0.5 /   0.0 /   1.9 ) 
                CPU# 54   : 96.9   (  96.5 /   0.5 /   0.0 /   3.1 ) 
                CPU# 55   : 93.8   (  93.4 /   0.5 /   0.0 /   6.2 ) 
                CPU# 56   : 95.7   (  93.0 /   2.7 /   0.0 /   4.3 ) 
                CPU# 57   : 96.5   (  94.4 /   2.2 /   0.0 /   3.5 ) 
                CPU# 58   : 97.5   (  95.2 /   2.2 /   0.0 /   2.5 ) 
                CPU# 59   : 96.8   (  94.3 /   2.5 /   0.0 /   3.2 ) 
                CPU# 60   : 98.0   (  95.8 /   2.2 /   0.0 /   2.0 ) 
                CPU# 61   : 96.3   (  93.9 /   2.4 /   0.0 /   3.7 ) 
                CPU# 62   : 97.1   (  94.9 /   2.3 /   0.0 /   2.9 ) 
                CPU# 63   : 96.7   (  94.2 /   2.5 /   0.0 /   3.3 ) 
                CPU# 64   : 97.6   (  95.1 /   2.5 /   0.0 /   2.4 ) 
                CPU# 65   : 95.2   (  93.2 /   2.0 /   0.0 /   4.8 ) 
                CPU# 66   : 96.8   (  94.6 /   2.2 /   0.0 /   3.2 ) 
                CPU# 67   : 96.9   (  94.2 /   2.7 /   0.0 /   3.1 ) 
                CPU# 68   : 97.1   (  94.8 /   2.3 /   0.0 /   2.9 ) 
                CPU# 69   : 97.6   (  95.5 /   2.1 /   0.0 /   2.4 ) 
                CPU# 70   : 98.1   (  96.4 /   1.8 /   0.0 /   1.9 ) 
                CPU# 71   : 98.1   (  95.7 /   2.3 /   0.0 /   1.9 ) 
                CPU# 72   : 95.9   (  93.8 /   2.0 /   0.0 /   4.1 ) 
                CPU# 73   : 96.9   (  94.7 /   2.3 /   0.0 /   3.1 ) 
                CPU# 74   : 95.2   (  93.1 /   2.1 /   0.0 /   4.8 ) 
                CPU# 75   : 96.7   (  95.2 /   1.5 /   0.0 /   3.3 ) 
                CPU# 76   : 95.5   (  93.2 /   2.2 /   0.0 /   4.5 ) 
                CPU# 77   : 97.2   (  95.3 /   1.9 /   0.0 /   2.8 ) 
                CPU# 78   : 98.1   (  95.9 /   2.2 /   0.0 /   1.9 ) 
                CPU# 79   : 97.3   (  95.2 /   2.1 /   0.0 /   2.7 ) 
                CPU# 80   : 96.5   (  94.2 /   2.3 /   0.0 /   3.5 ) 
                CPU# 81   : 97.8   (  95.8 /   2.0 /   0.0 /   2.2 ) 
                CPU# 82   : 98.1   (  95.6 /   2.4 /   0.0 /   1.9 ) 
                CPU# 83   : 97.7   (  97.3 /   0.3 /   0.0 /   2.3 ) 
                CPU# 84   : 97.7   (  97.4 /   0.3 /   0.0 /   2.3 ) 
                CPU# 85   : 97.4   (  97.1 /   0.3 /   0.0 /   2.6 ) 
                CPU# 86   : 97.7   (  97.4 /   0.3 /   0.0 /   2.3 ) 
                CPU# 87   : 97.8   (  97.4 /   0.3 /   0.0 /   2.2 ) 
                CPU# 88   : 97.2   (  96.9 /   0.3 /   0.0 /   2.8 ) 
                CPU# 89   : 96.2   (  95.9 /   0.3 /   0.0 /   3.8 ) 
                CPU# 90   : 97.4   (  97.1 /   0.3 /   0.0 /   2.6 ) 
                CPU# 91   : 98.1   (  97.8 /   0.3 /   0.0 /   1.9 ) 
                CPU# 92   : 97.9   (  97.6 /   0.3 /   0.0 /   2.1 ) 
                CPU# 93   : 96.9   (  96.6 /   0.3 /   0.0 /   3.1 ) 
                CPU# 94   : 96.6   (  96.3 /   0.3 /   0.0 /   3.4 ) 
                CPU# 95   : 97.0   (  96.7 /   0.3 /   0.0 /   3.0 ) 
                CPU# 96   : 97.7   (  97.4 /   0.3 /   0.0 /   2.3 ) 
                CPU# 97   : 97.0   (  96.7 /   0.3 /   0.0 /   3.0 ) 
                CPU# 98   : 97.3   (  97.0 /   0.3 /   0.0 /   2.7 ) 
                CPU# 99   : 97.2   (  96.9 /   0.3 /   0.0 /   2.8 ) 
                CPU# 100  : 96.0   (  95.7 /   0.3 /   0.0 /   4.0 ) 


Allocated CPUs            : 100  
  CPUs with usage <25%    : 0    
  CPUs with usage <50%    : 0    
  CPUs with usage >50%    : 100  

Memory used (RAM)         : 6.8%  [7113MB of 104858MB]

--------------------------------------------

