     Parameter      PRCC       p-value
0        $v_1$ -0.073752  0.000000e+00
1        $v_2$ -0.020968  1.233969e-97
2        $v_3$ -0.039528  0.000000e+00
3        $v_4$ -0.020125  4.323286e-90
4        $v_5$ -0.044862  0.000000e+00
5         beta  0.682300  0.000000e+00
6    $b_{sy1}$  0.008227  1.921981e-16
7    $b_{sy2}$  0.005456  4.879719e-08
8    $b_{sy3}$  0.010584  3.520191e-26
9    $b_{sy4}$  0.005149  2.615807e-07
10   $b_{sy5}$  0.007215  5.387751e-13
11  $b_{asy1}$  0.405032  0.000000e+00
12  $b_{asy2}$  0.166190  0.000000e+00
13  $b_{asy3}$  0.285181  0.000000e+00
14  $b_{asy4}$  0.146301  0.000000e+00
15  $b_{asy5}$  0.306266  0.000000e+00
16   $b_{av1}$  0.287549  0.000000e+00
17   $b_{av2}$  0.122409  0.000000e+00
18   $b_{av3}$  0.206964  0.000000e+00
19   $b_{av4}$  0.106276  0.000000e+00
20   $b_{av5}$  0.220101  0.000000e+00
21    $u_{m1}$ -0.241122  0.000000e+00
22    $u_{m2}$ -0.119519  0.000000e+00
23    $u_{m3}$ -0.187952  0.000000e+00
24    $u_{m4}$ -0.102010  0.000000e+00
25    $u_{m5}$ -0.199040  0.000000e+00
Job ID           : 30828643
Cluster          : spartan
User/Project     : lbevilacqua/punim2894
Nodes            : 1
Wall-clock time  : 12:32:28 / 15-00:00:00

Displaying overall resources usage from 2026-09-21 08:49:20 to 2026-09-21 21:21:48:

NODE            CPU#        TOT%   ( USR   / SYS   / WIO   / IDLE  ) 

spartan-bm195 : 
                CPU# 1    : 98.2   (  97.6 /   0.6 /   0.0 /   1.8 ) 
                CPU# 2    : 98.5   (  98.0 /   0.5 /   0.0 /   1.5 ) 
                CPU# 3    : 98.5   (  98.0 /   0.5 /   0.0 /   1.5 ) 
                CPU# 4    : 98.6   (  98.1 /   0.5 /   0.0 /   1.4 ) 
                CPU# 5    : 98.7   (  98.2 /   0.5 /   0.0 /   1.3 ) 
                CPU# 6    : 97.9   (  97.4 /   0.4 /   0.0 /   2.1 ) 
                CPU# 7    : 99.0   (  98.5 /   0.5 /   0.0 /   1.0 ) 
                CPU# 8    : 97.7   (  97.0 /   0.7 /   0.0 /   2.3 ) 
                CPU# 9    : 98.4   (  97.9 /   0.4 /   0.0 /   1.6 ) 
                CPU# 10   : 98.8   (  98.3 /   0.5 /   0.0 /   1.2 ) 
                CPU# 11   : 97.7   (  97.2 /   0.5 /   0.0 /   2.3 ) 
                CPU# 12   : 99.2   (  98.8 /   0.5 /   0.0 /   0.8 ) 
                CPU# 13   : 98.1   (  97.6 /   0.4 /   0.0 /   1.9 ) 
                CPU# 14   : 97.9   (  96.4 /   1.5 /   0.0 /   2.1 ) 
                CPU# 15   : 98.5   (  98.0 /   0.5 /   0.0 /   1.5 ) 
                CPU# 16   : 97.9   (  97.4 /   0.5 /   0.0 /   2.1 ) 
                CPU# 17   : 98.6   (  98.1 /   0.5 /   0.0 /   1.4 ) 
                CPU# 18   : 97.7   (  97.2 /   0.5 /   0.0 /   2.3 ) 
                CPU# 19   : 97.7   (  97.3 /   0.4 /   0.0 /   2.2 ) 
                CPU# 20   : 97.8   (  97.3 /   0.4 /   0.0 /   2.2 ) 
                CPU# 21   : 97.5   (  97.0 /   0.4 /   0.0 /   2.5 ) 
                CPU# 22   : 99.2   (  98.8 /   0.5 /   0.0 /   0.7 ) 
                CPU# 23   : 97.6   (  97.2 /   0.5 /   0.0 /   2.4 ) 
                CPU# 24   : 97.7   (  97.2 /   0.5 /   0.0 /   2.3 ) 
                CPU# 25   : 97.4   (  97.0 /   0.4 /   0.0 /   2.6 ) 
                CPU# 26   : 98.5   (  98.0 /   0.5 /   0.0 /   1.5 ) 
                CPU# 27   : 98.8   (  98.3 /   0.5 /   0.0 /   1.2 ) 
                CPU# 28   : 98.2   (  97.7 /   0.5 /   0.0 /   1.8 ) 
                CPU# 29   : 98.4   (  97.9 /   0.5 /   0.0 /   1.6 ) 
                CPU# 30   : 98.8   (  98.3 /   0.5 /   0.0 /   1.2 ) 
                CPU# 31   : 97.4   (  96.9 /   0.5 /   0.0 /   2.6 ) 
                CPU# 32   : 98.7   (  98.2 /   0.5 /   0.0 /   1.3 ) 
                CPU# 33   : 98.5   (  98.0 /   0.5 /   0.0 /   1.5 ) 
                CPU# 34   : 98.0   (  97.5 /   0.5 /   0.0 /   2.0 ) 
                CPU# 35   : 97.6   (  97.1 /   0.5 /   0.0 /   2.4 ) 
                CPU# 36   : 97.9   (  97.4 /   0.5 /   0.0 /   2.1 ) 
                CPU# 37   : 98.3   (  97.8 /   0.5 /   0.0 /   1.7 ) 
                CPU# 38   : 98.3   (  97.8 /   0.5 /   0.0 /   1.7 ) 
                CPU# 39   : 97.6   (  97.1 /   0.5 /   0.0 /   2.4 ) 
                CPU# 40   : 98.3   (  97.9 /   0.5 /   0.0 /   1.7 ) 
                CPU# 41   : 98.3   (  97.8 /   0.5 /   0.0 /   1.7 ) 
                CPU# 42   : 98.5   (  98.0 /   0.5 /   0.0 /   1.5 ) 
                CPU# 43   : 98.4   (  98.0 /   0.5 /   0.0 /   1.6 ) 
                CPU# 44   : 98.8   (  98.4 /   0.5 /   0.0 /   1.1 ) 
                CPU# 45   : 98.4   (  97.9 /   0.4 /   0.0 /   1.6 ) 
                CPU# 46   : 97.5   (  97.1 /   0.4 /   0.0 /   2.5 ) 
                CPU# 47   : 97.4   (  97.0 /   0.5 /   0.0 /   2.6 ) 
                CPU# 48   : 98.7   (  98.0 /   0.7 /   0.0 /   1.3 ) 
                CPU# 49   : 98.1   (  97.2 /   0.8 /   0.0 /   1.9 ) 
                CPU# 50   : 97.8   (  96.8 /   0.9 /   0.0 /   2.2 ) 
                CPU# 51   : 97.6   (  96.8 /   0.8 /   0.0 /   2.4 ) 
                CPU# 52   : 97.7   (  96.8 /   0.9 /   0.0 /   2.3 ) 
                CPU# 53   : 97.7   (  97.1 /   0.6 /   0.0 /   2.3 ) 
                CPU# 54   : 97.9   (  97.2 /   0.6 /   0.0 /   2.1 ) 
                CPU# 55   : 97.7   (  97.1 /   0.6 /   0.0 /   2.3 ) 
                CPU# 56   : 97.7   (  97.0 /   0.7 /   0.0 /   2.3 ) 
                CPU# 57   : 97.7   (  97.1 /   0.5 /   0.0 /   2.3 ) 
                CPU# 58   : 98.0   (  97.0 /   0.9 /   0.0 /   2.0 ) 
                CPU# 59   : 97.9   (  97.2 /   0.6 /   0.0 /   2.1 ) 
                CPU# 60   : 97.9   (  97.2 /   0.8 /   0.0 /   2.1 ) 
                CPU# 61   : 98.2   (  97.6 /   0.6 /   0.0 /   1.8 ) 
                CPU# 62   : 98.3   (  97.7 /   0.6 /   0.0 /   1.7 ) 
                CPU# 63   : 98.3   (  97.7 /   0.6 /   0.0 /   1.7 ) 
                CPU# 64   : 99.0   (  98.4 /   0.6 /   0.0 /   1.0 ) 
                CPU# 65   : 98.2   (  97.0 /   1.2 /   0.0 /   1.8 ) 
                CPU# 66   : 99.0   (  98.0 /   0.9 /   0.0 /   1.0 ) 
                CPU# 67   : 99.0   (  98.4 /   0.5 /   0.0 /   1.0 ) 
                CPU# 68   : 98.6   (  97.8 /   0.8 /   0.0 /   1.4 ) 
                CPU# 69   : 98.0   (  97.5 /   0.5 /   0.0 /   2.0 ) 
                CPU# 70   : 98.8   (  98.0 /   0.7 /   0.0 /   1.2 ) 
                CPU# 71   : 99.3   (  98.7 /   0.7 /   0.0 /   0.7 ) 
                CPU# 72   : 98.1   (  97.3 /   0.8 /   0.0 /   1.9 ) 
                CPU# 73   : 99.5   (  98.7 /   0.8 /   0.0 /   0.5 ) 
                CPU# 74   : 99.3   (  98.4 /   0.9 /   0.0 /   0.7 ) 
                CPU# 75   : 99.0   (  98.6 /   0.4 /   0.0 /   1.0 ) 
                CPU# 76   : 98.8   (  98.3 /   0.4 /   0.0 /   1.2 ) 
                CPU# 77   : 98.3   (  97.8 /   0.4 /   0.0 /   1.7 ) 
                CPU# 78   : 98.1   (  97.7 /   0.4 /   0.0 /   1.9 ) 
                CPU# 79   : 98.3   (  97.9 /   0.4 /   0.0 /   1.7 ) 
                CPU# 80   : 97.9   (  97.5 /   0.4 /   0.0 /   2.1 ) 
                CPU# 81   : 98.2   (  97.8 /   0.4 /   0.0 /   1.8 ) 
                CPU# 82   : 98.2   (  97.8 /   0.4 /   0.0 /   1.8 ) 
                CPU# 83   : 99.1   (  98.7 /   0.4 /   0.0 /   0.9 ) 
                CPU# 84   : 98.0   (  97.6 /   0.4 /   0.0 /   2.0 ) 
                CPU# 85   : 97.9   (  97.5 /   0.4 /   0.0 /   2.1 ) 
                CPU# 86   : 98.1   (  97.7 /   0.4 /   0.0 /   1.9 ) 
                CPU# 87   : 99.0   (  98.6 /   0.4 /   0.0 /   1.0 ) 
                CPU# 88   : 97.6   (  97.2 /   0.4 /   0.0 /   2.4 ) 
                CPU# 89   : 98.7   (  98.3 /   0.4 /   0.0 /   1.3 ) 
                CPU# 90   : 97.5   (  97.1 /   0.4 /   0.0 /   2.5 ) 
                CPU# 91   : 98.6   (  98.2 /   0.4 /   0.0 /   1.4 ) 
                CPU# 92   : 97.6   (  97.2 /   0.4 /   0.0 /   2.4 ) 
                CPU# 93   : 98.6   (  98.2 /   0.4 /   0.0 /   1.4 ) 
                CPU# 94   : 97.6   (  97.2 /   0.4 /   0.0 /   2.4 ) 
                CPU# 95   : 97.7   (  97.2 /   0.4 /   0.0 /   2.3 ) 
                CPU# 96   : 98.8   (  98.5 /   0.4 /   0.0 /   1.2 ) 
                CPU# 97   : 97.7   (  97.3 /   0.4 /   0.0 /   2.3 ) 
                CPU# 98   : 97.8   (  97.4 /   0.4 /   0.0 /   2.2 ) 
                CPU# 99   : 99.0   (  98.6 /   0.4 /   0.0 /   1.0 ) 
                CPU# 100  : 97.7   (  97.3 /   0.4 /   0.0 /   2.3 ) 


Allocated CPUs            : 100  
  CPUs with usage <25%    : 0    
  CPUs with usage <50%    : 0    
  CPUs with usage >50%    : 100  

Memory used (RAM)         : 6.8%  [7121MB of 104858MB]

--------------------------------------------

